{
  "ProfilesToGroups": {
    "Default": {
      "Groups": [
        "Default",
        "Logitech Mice"
      ]
    },
    "Test": {
      "Groups": [
        "Test Mice"
      ]
    }
  }
}