{
  "GroupsToProfiles": {
    "Default": "Default",
    "Logitech Mice": "Default",
    "Test Mice": "User has changed this mapping"
  }
}