[
  {
    "Name": "Superlight (wireless)",
    "HWID": "blah-blah-blah",
    "DPI": 12000,
    "PollingRate": 2000,
    "MappingGroup": "Logitech Mice"
  },
  {
    "Name": "Superlight (wired)",
    "HWID": "blah-blah-blah-2",
    "DPI": 12000,
    "PollingRate": 2000,
    "MappingGroup": "Logitech Mice"
  },
  {
    "Name": "Vaxee Outset AX",
    "HWID": "this-is-a-fake-hwid",
    "DPI": 1600,
    "PollingRate": 1000,
    "MappingGroup": "Test Mice"
  }
]